// Jest Snapshot v1, https://goo.gl/fbAQLP

exports[`renders detail screen dark mode 1`] = `
<RCTScrollView
  contentContainerStyle={
    Object {
      "alignItems": "center",
      "justifyContent": "center",
    }
  }
  style={
    Object {
      "marginLeft": 10,
    }
  }
>
  <View>
    <Image
      source={
        Object {
          "uri": "photo of img",
        }
      }
      style={
        Object {
          "height": 200,
          "marginTop": 20,
          "width": "80%",
        }
      }
    />
    <TextField
      style={
        Object {
          "fontSize": 11,
          "fontStyle": "italic",
          "marginTop": 10,
          "width": "80%",
        }
      }
    >
      some description
    </TextField>
  </View>
</RCTScrollView>
`;

exports[`renders detail screen light mode 1`] = `
<RCTScrollView
  contentContainerStyle={
    Object {
      "alignItems": "center",
      "justifyContent": "center",
    }
  }
  style={
    Object {
      "marginLeft": 10,
    }
  }
>
  <View>
    <Image
      source={
        Object {
          "uri": "photo of img",
        }
      }
      style={
        Object {
          "height": 200,
          "marginTop": 20,
          "width": "80%",
        }
      }
    />
    <TextField
      style={
        Object {
          "fontSize": 11,
          "fontStyle": "italic",
          "marginTop": 10,
          "width": "80%",
        }
      }
    >
      some description
    </TextField>
  </View>
</RCTScrollView>
`;
